python : Traceback (most 
recent call last):
At line:1 char:1
+ python d:\DIVY\webDev\Pro
jects\PhishGuard\test_exten
sion_diagnostics. ...
+ ~~~~~~~~~~~~~~~~~~~~~~~~~
~~~~~~~~~~~~~~~~~~~~~~~~~~~
~~~~~~~~~~~~~~~~~
    + CategoryInfo         
     : NotSpecified: (Tra  
  ceback (most recent ca   
 ll last)::String) [],     
RemoteException
    + FullyQualifiedErrorI 
   d : NativeCommandError
 
  File "d:\DIVY\webDev\Proj
ects\PhishGuard\test_extens
ion_diagnostics.py", line 
91, in <module>
--- PhishGuard Extension AI: Compliance Diagnostics ---

Testing: Rule 1: Scam Bait on untrusted domain
URL: http://claim-free-reward.top
Result: HIGH RISK (93%) | Action: BLOCK | Hover: RISKY
    
test_extension_compliance()
  File "d:\DIVY\webDev\Proj
ects\PhishGuard\test_extens
ion_diagnostics.py", line 
81, in 
test_extension_compliance
    print("Status: PASS 
\u2705")
  File "C:\Program Files\Py
thon312\Lib\encodings\cp125
2.py", line 19, in encode
    return codecs.charmap_e
ncode(input,self.errors,enc
oding_table)[0]
           ^^^^^^^^^^^^^^^^
^^^^^^^^^^^^^^^^^^^^^^^^^^^
^^^^^^^^^^^^
UnicodeEncodeError: 
'charmap' codec can't 
encode character '\u2705' 
in position 13: character 
maps to <undefined>
